// Jest Snapshot v1, https://goo.gl/fbAQLP

exports[`Character matches a snapshot 1`] = `
<div
  className="characterDiv"
>
  <p
    className="characterName"
  >
    Momo
  </p>
  <img
    alt="Momo"
    src="https://vignette.wikia.nocookie.net/avatar/images/4/43/Inquisitive_Momo.png/revision/latest?cb=20081225191217"
  />
</div>
`;
